<?xml version="1.0" encoding="UTF-8"?>
<testng-results ignored="0" total="7" passed="7" failed="0" skipped="0">
  <reporter-output>
  </reporter-output>
  <suite started-at="2024-05-07T23:56:30 IST" name="Gradle suite" finished-at="2024-05-07T23:59:10 IST" duration-ms="159632">
    <groups>
      <group name="API Tests">
        <method signature="testCase_API_01.testcase_01()[pri:0, instance:qtriptest.APITests.testCase_API_01@2e6a8155]" name="testcase_01" class="qtriptest.APITests.testCase_API_01"/>
        <method signature="testCase_API_02.testcase_02()[pri:0, instance:qtriptest.APITests.testCase_API_02@5677323c]" name="testcase_02" class="qtriptest.APITests.testCase_API_02"/>
        <method signature="testCase_API_03.testcase_03()[pri:0, instance:qtriptest.APITests.testCase_API_03@18df8434]" name="testcase_03" class="qtriptest.APITests.testCase_API_03"/>
        <method signature="testCase_API_04.testcase_04()[pri:0, instance:qtriptest.APITests.testCase_API_04@65c7a252]" name="testcase_04" class="qtriptest.APITests.testCase_API_04"/>
      </group> <!-- API Tests -->
      <group name="Login Flow">
        <method signature="testCase_01.TestCase01(java.lang.String,java.lang.String)[pri:0, instance:qtriptest.tests.testCase_01@75d3a5e0]" name="TestCase01" class="qtriptest.tests.testCase_01"/>
      </group> <!-- Login Flow -->
    </groups>
    <test started-at="2024-05-07T23:56:30 IST" name="Gradle test" finished-at="2024-05-07T23:59:10 IST" duration-ms="159632">
      <class name="qtriptest.APITests.testCase_API_01">
        <test-method signature="testcase_01()[pri:0, instance:qtriptest.APITests.testCase_API_01@2e6a8155]" started-at="2024-05-07T23:56:44 IST" name="testcase_01" finished-at="2024-05-07T23:56:51 IST" duration-ms="7744" status="PASS">
          <reporter-output>
          </reporter-output>
        </test-method> <!-- testcase_01 -->
      </class> <!-- qtriptest.APITests.testCase_API_01 -->
      <class name="qtriptest.APITests.testCase_API_02">
        <test-method signature="testcase_02()[pri:0, instance:qtriptest.APITests.testCase_API_02@5677323c]" started-at="2024-05-07T23:56:52 IST" name="testcase_02" finished-at="2024-05-07T23:56:53 IST" duration-ms="1972" status="PASS">
          <reporter-output>
          </reporter-output>
        </test-method> <!-- testcase_02 -->
      </class> <!-- qtriptest.APITests.testCase_API_02 -->
      <class name="qtriptest.APITests.testCase_API_03">
        <test-method signature="testcase_03()[pri:0, instance:qtriptest.APITests.testCase_API_03@18df8434]" started-at="2024-05-07T23:56:53 IST" name="testcase_03" finished-at="2024-05-07T23:56:57 IST" duration-ms="3525" status="PASS">
          <reporter-output>
          </reporter-output>
        </test-method> <!-- testcase_03 -->
      </class> <!-- qtriptest.APITests.testCase_API_03 -->
      <class name="qtriptest.APITests.testCase_API_04">
        <test-method signature="testcase_04()[pri:0, instance:qtriptest.APITests.testCase_API_04@65c7a252]" started-at="2024-05-07T23:56:57 IST" name="testcase_04" finished-at="2024-05-07T23:56:59 IST" duration-ms="2278" status="PASS">
          <reporter-output>
          </reporter-output>
        </test-method> <!-- testcase_04 -->
      </class> <!-- qtriptest.APITests.testCase_API_04 -->
      <class name="qtriptest.tests.testCase_01">
        <test-method is-config="true" signature="createDriver()[pri:0, instance:qtriptest.tests.testCase_01@75d3a5e0]" started-at="2024-05-07T23:56:31 IST" name="createDriver" finished-at="2024-05-07T23:56:44 IST" duration-ms="13157" status="PASS">
          <reporter-output>
          </reporter-output>
        </test-method> <!-- createDriver -->
        <test-method signature="TestCase01(java.lang.String,java.lang.String)[pri:0, instance:qtriptest.tests.testCase_01@75d3a5e0]" started-at="2024-05-07T23:57:01 IST" name="TestCase01" description="Verify user registration - login - logout" data-provider="data-provider" finished-at="2024-05-07T23:57:45 IST" duration-ms="44593" status="PASS">
          <params>
            <param index="0">
              <value>
                <![CDATA[testuser@gmail.com]]>
              </value>
            </param>
            <param index="1">
              <value>
                <![CDATA[abc@123]]>
              </value>
            </param>
          </params>
          <reporter-output>
          </reporter-output>
        </test-method> <!-- TestCase01 -->
        <test-method signature="TestCase01(java.lang.String,java.lang.String)[pri:0, instance:qtriptest.tests.testCase_01@75d3a5e0]" started-at="2024-05-07T23:57:45 IST" name="TestCase01" description="Verify user registration - login - logout" data-provider="data-provider" finished-at="2024-05-07T23:58:28 IST" duration-ms="42553" status="PASS">
          <params>
            <param index="0">
              <value>
                <![CDATA[TESTUSER@gmail.com]]>
              </value>
            </param>
            <param index="1">
              <value>
                <![CDATA[123456.0]]>
              </value>
            </param>
          </params>
          <reporter-output>
          </reporter-output>
        </test-method> <!-- TestCase01 -->
        <test-method signature="TestCase01(java.lang.String,java.lang.String)[pri:0, instance:qtriptest.tests.testCase_01@75d3a5e0]" started-at="2024-05-07T23:58:28 IST" name="TestCase01" description="Verify user registration - login - logout" data-provider="data-provider" finished-at="2024-05-07T23:59:10 IST" duration-ms="42214" status="PASS">
          <params>
            <param index="0">
              <value>
                <![CDATA[123_USER_low@gmail.com]]>
              </value>
            </param>
            <param index="1">
              <value>
                <![CDATA[QWERTY!!!!]]>
              </value>
            </param>
          </params>
          <reporter-output>
          </reporter-output>
        </test-method> <!-- TestCase01 -->
        <test-method is-config="true" signature="quitDriver()[pri:0, instance:qtriptest.tests.testCase_01@75d3a5e0]" started-at="2024-05-07T23:59:10 IST" name="quitDriver" finished-at="2024-05-07T23:59:10 IST" duration-ms="139" status="PASS">
          <reporter-output>
          </reporter-output>
        </test-method> <!-- quitDriver -->
      </class> <!-- qtriptest.tests.testCase_01 -->
    </test> <!-- Gradle test -->
  </suite> <!-- Gradle suite -->
</testng-results>
